{"results": {"src\\hermes\\core\\config.py": [{"filename": "src\\hermes\\core\\config.py", "hashed_secret": "0fbee71d82fc1ba36c6b1bd82f9cda800cf28e4d", "is_verified": false, "line_number": 25, "type": "Secret Keyword"}], "src\\hermes\\security\\rate_limiter.py": [{"filename": "src\\hermes\\security\\rate_limiter.py", "hashed_secret": "665b1e3851eefefa3fb878654292f16597d25155", "is_verified": false, "line_number": 34, "type": "Secret Keyword"}], "src\\hermes\\web\\app.py": [{"filename": "src\\hermes\\web\\app.py", "hashed_secret": "194554ca147cc5dab203a5f7b3205331fdd6de9f", "is_verified": false, "line_number": 115, "type": "Secret Keyword"}, {"filename": "src\\hermes\\web\\app.py", "hashed_secret": "e8d4a2f731a2b37fcb169639d14ccb9350952d59", "is_verified": false, "line_number": 219, "type": "Secret Keyword"}]}}